// Jest Snapshot v1, https://goo.gl/fbAQLP

exports[`configuration test 1`] = `
Object {
  "environment": "environment",
}
`;
